============================================================
  Generated by:           Genus(TM) Synthesis Solution 25.13-s071_1
  Generated on:           Sep 26 2026  10:47:25 pm
  Operating conditions:   _nominal_ (balanced_tree)
  Wireload mode:          top
  Area mode:              timing library
============================================================

                                                                              
           Gate             Instances    Area              Library            
------------------------------------------------------------------------------
sky130_fd_sc_hd__a2111oi_0          1     8.758 sky130_fd_sc_hd__tt_025C_1v80 
sky130_fd_sc_hd__a211oi_1           3    22.522 sky130_fd_sc_hd__tt_025C_1v80 
sky130_fd_sc_hd__a21boi_1           9    67.565 sky130_fd_sc_hd__tt_025C_1v80 
sky130_fd_sc_hd__a21o_1             7    52.550 sky130_fd_sc_hd__tt_025C_1v80 
sky130_fd_sc_hd__a21oi_1           19    95.091 sky130_fd_sc_hd__tt_025C_1v80 
sky130_fd_sc_hd__a221o_1            5    50.048 sky130_fd_sc_hd__tt_025C_1v80 
sky130_fd_sc_hd__a221oi_1         128  1121.075 sky130_fd_sc_hd__tt_025C_1v80 
sky130_fd_sc_hd__a222oi_1          93   930.893 sky130_fd_sc_hd__tt_025C_1v80 
sky130_fd_sc_hd__a22o_1           102   893.357 sky130_fd_sc_hd__tt_025C_1v80 
sky130_fd_sc_hd__a22oi_1          773  5803.066 sky130_fd_sc_hd__tt_025C_1v80 
sky130_fd_sc_hd__a2bb2oi_1          4    35.034 sky130_fd_sc_hd__tt_025C_1v80 
sky130_fd_sc_hd__a31oi_1            1     6.256 sky130_fd_sc_hd__tt_025C_1v80 
sky130_fd_sc_hd__and2_0             2    12.512 sky130_fd_sc_hd__tt_025C_1v80 
sky130_fd_sc_hd__and2_1            14    87.584 sky130_fd_sc_hd__tt_025C_1v80 
sky130_fd_sc_hd__and2b_1            2    15.014 sky130_fd_sc_hd__tt_025C_1v80 
sky130_fd_sc_hd__and3_1             2    12.512 sky130_fd_sc_hd__tt_025C_1v80 
sky130_fd_sc_hd__and3b_1            1     8.758 sky130_fd_sc_hd__tt_025C_1v80 
sky130_fd_sc_hd__and4b_1            1    10.010 sky130_fd_sc_hd__tt_025C_1v80 
sky130_fd_sc_hd__clkinv_1          11    41.290 sky130_fd_sc_hd__tt_025C_1v80 
sky130_fd_sc_hd__dfrbp_1            4   115.110 sky130_fd_sc_hd__tt_025C_1v80 
sky130_fd_sc_hd__dfrtp_1          119  2977.856 sky130_fd_sc_hd__tt_025C_1v80 
sky130_fd_sc_hd__fa_1              15   300.288 sky130_fd_sc_hd__tt_025C_1v80 
sky130_fd_sc_hd__ha_1              33   412.896 sky130_fd_sc_hd__tt_025C_1v80 
sky130_fd_sc_hd__inv_1             90   337.824 sky130_fd_sc_hd__tt_025C_1v80 
sky130_fd_sc_hd__inv_2             69   258.998 sky130_fd_sc_hd__tt_025C_1v80 
sky130_fd_sc_hd__nand2_1          373  1400.093 sky130_fd_sc_hd__tt_025C_1v80 
sky130_fd_sc_hd__nand2b_1          63   394.128 sky130_fd_sc_hd__tt_025C_1v80 
sky130_fd_sc_hd__nand3_1           37   185.178 sky130_fd_sc_hd__tt_025C_1v80 
sky130_fd_sc_hd__nand3b_1           5    37.536 sky130_fd_sc_hd__tt_025C_1v80 
sky130_fd_sc_hd__nand4_1          230  1438.880 sky130_fd_sc_hd__tt_025C_1v80 
sky130_fd_sc_hd__nor2_1           416  1561.498 sky130_fd_sc_hd__tt_025C_1v80 
sky130_fd_sc_hd__nor2b_1           61   381.616 sky130_fd_sc_hd__tt_025C_1v80 
sky130_fd_sc_hd__nor3_1             7    35.034 sky130_fd_sc_hd__tt_025C_1v80 
sky130_fd_sc_hd__nor3b_1            4    30.029 sky130_fd_sc_hd__tt_025C_1v80 
sky130_fd_sc_hd__nor4_1            44   275.264 sky130_fd_sc_hd__tt_025C_1v80 
sky130_fd_sc_hd__nor4b_1            7    61.309 sky130_fd_sc_hd__tt_025C_1v80 
sky130_fd_sc_hd__nor4bb_1           1    10.010 sky130_fd_sc_hd__tt_025C_1v80 
sky130_fd_sc_hd__o211ai_1           6    45.043 sky130_fd_sc_hd__tt_025C_1v80 
sky130_fd_sc_hd__o21a_1            13    97.594 sky130_fd_sc_hd__tt_025C_1v80 
sky130_fd_sc_hd__o21ai_1           17    85.082 sky130_fd_sc_hd__tt_025C_1v80 
sky130_fd_sc_hd__o21bai_1           5    37.536 sky130_fd_sc_hd__tt_025C_1v80 
sky130_fd_sc_hd__o221ai_1          12   105.101 sky130_fd_sc_hd__tt_025C_1v80 
sky130_fd_sc_hd__o22ai_1           60   375.360 sky130_fd_sc_hd__tt_025C_1v80 
sky130_fd_sc_hd__o2bb2ai_1         24   210.202 sky130_fd_sc_hd__tt_025C_1v80 
sky130_fd_sc_hd__o311ai_1           4    35.034 sky130_fd_sc_hd__tt_025C_1v80 
sky130_fd_sc_hd__or2_1              9    56.304 sky130_fd_sc_hd__tt_025C_1v80 
sky130_fd_sc_hd__or2_2              3    18.768 sky130_fd_sc_hd__tt_025C_1v80 
sky130_fd_sc_hd__or3_1              1     6.256 sky130_fd_sc_hd__tt_025C_1v80 
sky130_fd_sc_hd__or3b_1             1     8.758 sky130_fd_sc_hd__tt_025C_1v80 
sky130_fd_sc_hd__or4_1              8    60.058 sky130_fd_sc_hd__tt_025C_1v80 
sky130_fd_sc_hd__or4b_1             1    10.010 sky130_fd_sc_hd__tt_025C_1v80 
sky130_fd_sc_hd__sdfrtp_1          14   437.920 sky130_fd_sc_hd__tt_025C_1v80 
sky130_fd_sc_hd__sdfxtp_1        2048 53811.610 sky130_fd_sc_hd__tt_025C_1v80 
sky130_fd_sc_hd__xnor2_1            5    43.792 sky130_fd_sc_hd__tt_025C_1v80 
sky130_fd_sc_hd__xor2_1             2    17.517 sky130_fd_sc_hd__tt_025C_1v80 
------------------------------------------------------------------------------
total                            4989 74949.382                               
                                          
     Type      Instances    Area   Area % 
------------------------------------------
sequential          2185 57342.496   76.5 
inverter             170   638.112    0.9 
logic               2634 16968.774   22.6 
physical_cells         0     0.000    0.0 
------------------------------------------
total               4989 74949.382  100.0 
