============================================================
  Generated by:           Genus(TM) Synthesis Solution 25.13-s071_1
  Generated on:           Sep 26 2026  10:47:26 pm
  Module:                 axi4_mem_slave
  Operating conditions:   _nominal_ (balanced_tree)
  Wireload mode:          top
  Area mode:              timing library
============================================================

Timing
--------

Clock  Period 
--------------
clk   10000.0 


  Cost    Critical         Violating 
 Group   Path Slack  TNS     Paths   
-------------------------------------
clk          1639.3   0.0          0 
default    No paths   0.0            
-------------------------------------
Total                 0.0          0 

Instance Count
--------------
Leaf Instance Count             4989 
Physical Instance count            0 
Sequential Instance Count       2185 
Combinational Instance Count    2804 
Hierarchical Instance Count        0 

Area
----
Cell Area                          74949.382
Physical Cell Area                 0.000
Total Cell Area (Cell+Physical)    74949.382
Net Area                           0.000
Total Area (Cell+Physical+Net)     74949.382

Max Fanout                         2185 (ACLK)
Min Fanout                         1 (ARADDR[8])
Average Fanout                     3.4
Terms to net ratio                 4.3605
Terms to instance ratio            4.5310
Runtime                            667.34345 seconds
Elapsed Runtime                    676 seconds
Genus peak memory usage            2988.79 
Innovus peak memory usage          no_value 
Hostname                           linuxe4.engr.colostate.edu
