============================================================
  Generated by:           Genus(TM) Synthesis Solution 25.13-s071_1
  Generated on:           Sep 26 2026  10:47:25 pm
  Module:                 axi4_mem_slave
  Operating conditions:   _nominal_ (balanced_tree)
  Wireload mode:          top
  Area mode:              timing library
============================================================


Path 1: MET (1639 ps) Setup Check with Pin RDATA_reg[15]/CLK->D
          Group: clk
     Startpoint: (R) ARADDR[17]
          Clock: (R) clk
       Endpoint: (R) RDATA_reg[15]/D
          Clock: (R) clk

                     Capture       Launch     
        Clock Edge:+   10000            0     
        Drv Adjust:+       0            0     
       Src Latency:+       0            0     
       Net Latency:+       0 (I)        0 (I) 
           Arrival:=   10000            0     
                                              
             Setup:-      70                  
     Required Time:=    9930                  
      Launch Clock:-       0                  
       Input Delay:-    2000                  
         Data Path:-    6291                  
             Slack:=    1639                  

Exceptions/Constraints:
  input_delay             2000            in_del_108_1   

#-----------------------------------------------------------------------------------------------------------------------------------
#             Timing Point               Flags     Arc     Edge           Cell             Fanout Load Trans Delay Arrival Instance 
#                                                                                                 (fF)  (ps)  (ps)   (ps)  Location 
#-----------------------------------------------------------------------------------------------------------------------------------
  ARADDR[17]                             -       -         R     (arrival)                      6 11.7     0     0    2000    (-,-) 
  WALLACE_CSA_DUMMY_OP_groupi_g2441/Y    -       B_N->Y    R     sky130_fd_sc_hd__nor2b_1       3  7.2   163   162    2162    (-,-) 
  WALLACE_CSA_DUMMY_OP_groupi_g2393/X    -       A2->X     R     sky130_fd_sc_hd__o21a_1        2  4.4    56   142    2304    (-,-) 
  WALLACE_CSA_DUMMY_OP_groupi_g2391/Y    -       A_N->Y    R     sky130_fd_sc_hd__nand2b_1      1  2.8    52    98    2402    (-,-) 
  WALLACE_CSA_DUMMY_OP_groupi_g2384/Y    -       B->Y      F     sky130_fd_sc_hd__nand2b_1      1  2.6    42    56    2458    (-,-) 
  WALLACE_CSA_DUMMY_OP_groupi_g2375/X    -       A1->X     F     sky130_fd_sc_hd__a21o_1        1  2.4    32   150    2608    (-,-) 
  WALLACE_CSA_DUMMY_OP_groupi_g2358/Y    -       B1->Y     R     sky130_fd_sc_hd__a31oi_1       1  2.8   126   133    2741    (-,-) 
  WALLACE_CSA_DUMMY_OP_groupi_g2357/Y    -       B->Y      F     sky130_fd_sc_hd__nor2_1        2  5.0    46    71    2812    (-,-) 
  WALLACE_CSA_DUMMY_OP_groupi_g2353/Y    -       A1->Y     R     sky130_fd_sc_hd__a21oi_1       3  8.4   215   200    3012    (-,-) 
  WALLACE_CSA_DUMMY_OP_groupi_g2453/Y    -       A2->Y     F     sky130_fd_sc_hd__o21ai_1       3  7.6    82   122    3135    (-,-) 
  WALLACE_CSA_DUMMY_OP_groupi_g2347/Y    -       A1->Y     R     sky130_fd_sc_hd__a21oi_1       2  5.5   159   174    3309    (-,-) 
  WALLACE_CSA_DUMMY_OP_groupi_g2344/Y    -       A3->Y     F     sky130_fd_sc_hd__o311ai_1      1  4.8    94   120    3428    (-,-) 
  WALLACE_CSA_DUMMY_OP_groupi_g2342/COUT -       CIN->COUT F     sky130_fd_sc_hd__fa_1          1  4.8    82   396    3824    (-,-) 
  WALLACE_CSA_DUMMY_OP_groupi_g2341/COUT -       CIN->COUT F     sky130_fd_sc_hd__fa_1          1  4.8    82   391    4216    (-,-) 
  WALLACE_CSA_DUMMY_OP_groupi_g2340/COUT -       CIN->COUT F     sky130_fd_sc_hd__fa_1          1  4.8    82   391    4607    (-,-) 
  WALLACE_CSA_DUMMY_OP_groupi_g2339/COUT -       CIN->COUT F     sky130_fd_sc_hd__fa_1          1  4.8    82   391    4998    (-,-) 
  WALLACE_CSA_DUMMY_OP_groupi_g2338/COUT -       CIN->COUT F     sky130_fd_sc_hd__fa_1          1  4.8    82   391    5390    (-,-) 
  WALLACE_CSA_DUMMY_OP_groupi_g2337/SUM  -       CIN->SUM  F     sky130_fd_sc_hd__fa_1          1  2.5    74   438    5828    (-,-) 
  g96990/Y                               -       C->Y      R     sky130_fd_sc_hd__nor4b_1       1  2.7   238   244    6072    (-,-) 
  g96610/Y                               -       A->Y      F     sky130_fd_sc_hd__nand4_1       1  2.5    91   114    6186    (-,-) 
  g96559/Y                               -       D->Y      R     sky130_fd_sc_hd__nor4_1        1  2.7   217   177    6363    (-,-) 
  g96433/Y                               -       A->Y      F     sky130_fd_sc_hd__nand4_1       3  7.6   139   164    6527    (-,-) 
  g96385/Y                               -       A->Y      R     sky130_fd_sc_hd__nor2b_1       2  7.5   168   202    6729    (-,-) 
  g96374/Y                               -       A->Y      F     sky130_fd_sc_hd__inv_2         3  7.3    45    63    6792    (-,-) 
  g96335/Y                               -       B->Y      R     sky130_fd_sc_hd__nor2_1        2  6.2   136   127    6918    (-,-) 
  g96326/Y                               -       A->Y      F     sky130_fd_sc_hd__clkinv_1      2  4.9    62    97    7015    (-,-) 
  g96265/Y                               -       B->Y      R     sky130_fd_sc_hd__nor2_1        2  5.5   124   124    7139    (-,-) 
  g95848/Y                               -       B1->Y     F     sky130_fd_sc_hd__a21oi_1       4  7.0    84    80    7219    (-,-) 
  g95797/Y                               -       B->Y      R     sky130_fd_sc_hd__nor2_1        4  6.9   147   150    7369    (-,-) 
  g95650/Y                               -       B_N->Y    R     sky130_fd_sc_hd__nor2b_1       8 20.7   400   381    7750    (-,-) 
  g93444/X                               -       A1->X     R     sky130_fd_sc_hd__a22o_1        1  2.7    52   210    7961    (-,-) 
  g92578__5122/Y                         -       C1->Y     F     sky130_fd_sc_hd__a221oi_1      1  2.6   112    48    8009    (-,-) 
  g92325__1705/Y                         -       B->Y      R     sky130_fd_sc_hd__nand4_1       1  2.7    88   113    8122    (-,-) 
  g92211__1617/Y                         -       C1->Y     F     sky130_fd_sc_hd__a221oi_1      1  2.6   114    58    8180    (-,-) 
  g92154__3680/Y                         -       B->Y      R     sky130_fd_sc_hd__nand3_1       1  2.3    60   107    8287    (-,-) 
  RDATA_reg[15]/D                        <<<     -         R     sky130_fd_sc_hd__dfrtp_1       1    -     -     4    8291    (-,-) 
#-----------------------------------------------------------------------------------------------------------------------------------

